Running: /opt/Xilinx/14.7/ISE_DS/ISE/bin/lin64/unwrapped/fuse -intstyle ise -incremental -lib secureip -o /home/ise/VLSI/computer/Computer_22201088/alu_8bit_tb_isim_beh.exe -prj /home/ise/VLSI/computer/Computer_22201088/alu_8bit_tb_beh.prj work.alu_8bit_tb 
ISim P.20131013 (signature 0xfbc00daa)
Number of CPUs detected in this system: 1
Turning on mult-threading, number of parallel sub-compilation jobs: 0 
Determining compilation order of HDL files
Parsing VHDL file "/home/ise/VLSI/computer/Computer_22201088/nand_gate.vhd" into library work
Parsing VHDL file "/home/ise/VLSI/computer/Computer_22201088/not_gate.vhd" into library work
Parsing VHDL file "/home/ise/VLSI/computer/Computer_22201088/xor_gate.vhd" into library work
Parsing VHDL file "/home/ise/VLSI/computer/Computer_22201088/and_gate.vhd" into library work
Parsing VHDL file "/home/ise/VLSI/computer/Computer_22201088/or_gate.vhd" into library work
Parsing VHDL file "/home/ise/VLSI/computer/Computer_22201088/half_adder.vhd" into library work
Parsing VHDL file "/home/ise/VLSI/computer/Computer_22201088/full_adder.vhd" into library work
Parsing VHDL file "/home/ise/VLSI/computer/Computer_22201088/adder_4bit.vhd" into library work
Parsing VHDL file "/home/ise/VLSI/computer/Computer_22201088/adder_8bit.vhd" into library work
Parsing VHDL file "/home/ise/VLSI/computer/Computer_22201088/sub_8bit.vhd" into library work
Parsing VHDL file "/home/ise/VLSI/computer/Computer_22201088/mux8x1_8bit.vhd" into library work
Parsing VHDL file "/home/ise/VLSI/computer/Computer_22201088/logic_8bit.vhd" into library work
Parsing VHDL file "/home/ise/VLSI/computer/Computer_22201088/alu_8bit.vhd" into library work
Parsing VHDL file "/home/ise/VLSI/computer/Computer_22201088/alu_8bit_tb.vhd" into library work
Starting static elaboration
Completed static elaboration
Fuse Memory Usage: 97288 KB
Fuse CPU Usage: 1300 ms
Compiling package standard
Compiling package std_logic_1164
Compiling package numeric_std
Compiling architecture dataflow of entity nand_gate [nand_gate_default]
Compiling architecture structural of entity xor_gate [xor_gate_default]
Compiling architecture structural of entity not_gate [not_gate_default]
Compiling architecture structural of entity and_gate [and_gate_default]
Compiling architecture structural of entity half_adder [half_adder_default]
Compiling architecture structural of entity or_gate [or_gate_default]
Compiling architecture structural of entity full_adder [full_adder_default]
Compiling architecture structural of entity adder_4bit [adder_4bit_default]
Compiling architecture structural of entity adder_8bit [adder_8bit_default]
Compiling architecture structural of entity sub_8bit [sub_8bit_default]
Compiling architecture dataflow of entity logic_8bit [logic_8bit_default]
Compiling architecture dataflow of entity mux8x1_8bit [mux8x1_8bit_default]
Compiling architecture structural of entity alu_8bit [alu_8bit_default]
Compiling architecture behavioral of entity alu_8bit_tb
Time Resolution for simulation is 1ps.
Compiled 30 VHDL Units
Built simulation executable /home/ise/VLSI/computer/Computer_22201088/alu_8bit_tb_isim_beh.exe
Fuse Memory Usage: 112016 KB
Fuse CPU Usage: 1730 ms
GCC CPU Usage: 1170 ms
