Running: /opt/Xilinx/14.7/ISE_DS/ISE/bin/lin64/unwrapped/fuse -intstyle ise -incremental -lib secureip -o /home/ise/VLSI/computer/mid/alu_4bit_tb_isim_beh.exe -prj /home/ise/VLSI/computer/mid/alu_4bit_tb_beh.prj work.alu_4bit_tb 
ISim P.20131013 (signature 0xfbc00daa)
Number of CPUs detected in this system: 1
Turning on mult-threading, number of parallel sub-compilation jobs: 0 
Determining compilation order of HDL files
Parsing VHDL file "/home/ise/VLSI/computer/mid/full_adder.vhd" into library work
Parsing VHDL file "/home/ise/VLSI/computer/mid/or_unit.vhd" into library work
Parsing VHDL file "/home/ise/VLSI/computer/mid/mux_4to1.vhd" into library work
Parsing VHDL file "/home/ise/VLSI/computer/mid/and_unit.vhd" into library work
Parsing VHDL file "/home/ise/VLSI/computer/mid/adder_4bit.vhd" into library work
Parsing VHDL file "/home/ise/VLSI/computer/mid/alu_4bit.vhd" into library work
Parsing VHDL file "/home/ise/VLSI/computer/mid/alu_4bit_tb.vhd" into library work
Starting static elaboration
Completed static elaboration
Fuse Memory Usage: 95484 KB
Fuse CPU Usage: 500 ms
Compiling package standard
Compiling package std_logic_1164
Compiling architecture behavioral of entity and_unit [and_unit_default]
Compiling architecture behavioral of entity or_unit [or_unit_default]
Compiling architecture behavioral of entity full_adder [full_adder_default]
Compiling architecture structural of entity adder_4bit [adder_4bit_default]
Compiling architecture behavioral of entity mux_4to1 [mux_4to1_default]
Compiling architecture structural of entity alu_4bit [alu_4bit_default]
Compiling architecture behavioral of entity alu_4bit_tb
Time Resolution for simulation is 1ps.
Compiled 15 VHDL Units
Built simulation executable /home/ise/VLSI/computer/mid/alu_4bit_tb_isim_beh.exe
Fuse Memory Usage: 104144 KB
Fuse CPU Usage: 550 ms
GCC CPU Usage: 590 ms
